// Jest Snapshot v1, https://goo.gl/fbAQLP

exports[`Test Helpers test snapshot 1`] = `
"{
}"
`;
